com\itson\interfazGrafica\ConsultarResultadoFrm$6.class
com\itson\interfazGrafica\ConsultaFrm$7.class
com\itson\recursos\clases\DuracionLicencia.class
com\itson\interfazGrafica\InicioFrm$6.class
com\itson\interfazGrafica\PlacaUsadoFrm$1.class
com\itson\interfazGrafica\PlacaUsadoFrm.class
com\itson\interfazGrafica\ConsultarResultadoFrm$3.class
com\itson\interfazGrafica\PersonasFrm$3.class
com\itson\interfazGrafica\PlacaNuevaFrm$1.class
com\itson\interfazGrafica\PlacaUsadoFrm$4.class
com\itson\interfaz\IAutomovilesDAO.class
com\itson\dominio\Automovil.class
com\itson\interfazGrafica\TramiteLicFrm$4.class
com\itson\interfazGrafica\BusquedaLicFrm$1.class
com\itson\interfazGrafica\PlacaNuevaFrm$4.class
com\itson\interfazGrafica\RealizarPagoFrm$3.class
com\itson\interfazGrafica\ConsultaFrm$4.class
com\itson\interfazGrafica\InicioFrm$3.class
com\itson\interfazGrafica\ReportesFrm.class
com\itson\interfazGrafica\BusquedaLicFrm$4.class
com\itson\recursos\validadores\Validadores.class
com\itson\interfazGrafica\SelectAutoFrm$2.class
com\itson\interfazGrafica\TramiteLicFrm$1.class
com\itson\interfazGrafica\ConsultaFrm$1.class
com\itson\interfaz\ILicenciasDAO.class
com\itson\recursos\clases\ParametrosBusqueda.class
com\itson\recursos\clases\GenerarReporte.class
com\itson\interfaz\IPagosDAO.class
com\itson\interfazGrafica\ConsultaFrm$5.class
com\itson\interfazGrafica\SelectAutoFrm$1.class
com\itson\interfazGrafica\PlacaNuevaFrm$3.class
com\itson\recursos\clases\TextPrompt$Show.class
com\itson\interfazGrafica\ConsultarResultadoFrm.class
com\itson\interfazGrafica\ConsultarResultadoFrm$1.class
com\itson\interfazGrafica\ConsultaFrm$6.class
com\itson\recursos\clases\Paginado.class
com\itson\implementacion\PagosDAO.class
com\itson\interfazGrafica\RealizarPagoFrm$1.class
com\itson\interfazGrafica\PersonasFrm$4.class
com\itson\dominio\Pago_.class
com\itson\interfaz\IPersonasDAO.class
com\itson\recursos\clases\TipoLicencia.class
com\itson\interfazGrafica\BusquedaLicFrm$3.class
com\itson\interfazGrafica\InicioFrm$1.class
com\itson\interfazGrafica\InicioFrm$7.class
com\itson\implementacion\PersonasDAO.class
com\itson\interfazGrafica\PlacaNuevaFrm$2.class
com\itson\interfazGrafica\ConsultarResultadoFrm$2.class
com\itson\dominio\Tramite_.class
com\itson\interfazGrafica\ReportesFrm$3.class
com\itson\interfazGrafica\RealizarPagoFrm$2.class
com\itson\recursos\clases\TextPrompt.class
com\itson\interfaz\IPlacasDAO.class
com\itson\interfazGrafica\SelectAutoFrm$3.class
com\itson\interfazGrafica\BusquedaLicFrm$5.class
com\itson\interfazGrafica\InicioFrm$2.class
com\itson\interfazGrafica\BusquedaLicFrm$2.class
com\itson\interfazGrafica\TramiteLicFrm$5.class
com\itson\interfazGrafica\BusquedaLicFrm.class
com\itson\interfazGrafica\InicioFrm$5.class
com\itson\interfazGrafica\ConsultarResultadoFrm$7.class
com\itson\interfazGrafica\ReportesFrm$4.class
com\itson\interfazGrafica\RealizarPagoFrm.class
com\itson\excepciones\PersistenciaException.class
com\itson\interfazGrafica\ReportesFrm$2.class
com\itson\recursos\clases\ReporteTramitesDTO.class
com\itson\dominio\Placa.class
com\itson\interfazGrafica\ConsultaFrm.class
com\itson\dominio\Licencia_.class
com\itson\interfazGrafica\ConsultaFrm$8.class
com\itson\interfazGrafica\TramiteLicFrm.class
com\itson\dominio\Placa_.class
com\itson\interfazGrafica\PlacaUsadoFrm$3.class
com\itson\interfazGrafica\PersonasFrm$2.class
com\itson\recursos\clases\VeintePersonas.class
com\itson\interfazGrafica\ConsultaFrm$10.class
com\itson\implementacion\AutomovilesDAO.class
com\itson\interfazGrafica\InicioFrm.class
com\itson\interfazGrafica\PersonasFrm$5.class
com\itson\interfazGrafica\InicioFrm$4.class
com\itson\interfazGrafica\PersonasFrm.class
com\itson\interfazGrafica\TramiteLicFrm$3.class
com\itson\dominio\Automovil_.class
com\itson\interfazGrafica\ReportesFrm$5.class
com\itson\interfazGrafica\ReportesFrm$1.class
com\itson\interfazGrafica\PersonasFrm$1.class
com\itson\dominio\Tramite.class
com\itson\interfazGrafica\ConsultarResultadoFrm$4.class
com\itson\interfazGrafica\SelectAutoFrm.class
com\itson\dominio\Licencia.class
com\itson\dominio\Persona_.class
com\itson\interfazGrafica\ConsultaFrm$2.class
com\itson\implementacion\LicenciasDAO.class
com\itson\interfazGrafica\PlacaNuevaFrm.class
com\itson\interfazGrafica\BusquedaLicFrm$6.class
com\itson\implementacion\PlacasDAO.class
com\itson\implementacion\TramitesDAO.class
com\itson\baseaproyecto2\BaseAProyecto2.class
com\itson\interfazGrafica\PlacaUsadoFrm$2.class
com\itson\interfazGrafica\TramiteLicFrm$2.class
com\itson\interfazGrafica\ConsultaFrm$9.class
com\itson\interfazGrafica\ConsultaFrm$3.class
com\itson\dominio\Persona.class
com\itson\interfaz\ITramitesDAO.class
com\itson\interfazGrafica\ConsultarResultadoFrm$5.class
com\itson\dominio\Pago.class
