C:\Users\Sebastian\Desktop\BAProyecto2\BaseAProyecto2\src\main\java\com\itson\recursos\clases\DuracionLicencia.java
C:\Users\Sebastian\Desktop\BAProyecto2\BaseAProyecto2\src\main\java\com\itson\recursos\clases\TextPrompt.java
C:\Users\Sebastian\Desktop\BAProyecto2\BaseAProyecto2\src\main\java\com\itson\implementacion\TramitesDAO.java
C:\Users\Sebastian\Desktop\BAProyecto2\BaseAProyecto2\src\main\java\com\itson\interfaz\IAutomovilesDAO.java
C:\Users\Sebastian\Desktop\BAProyecto2\BaseAProyecto2\src\main\java\com\itson\implementacion\PagosDAO.java
C:\Users\Sebastian\Desktop\BAProyecto2\BaseAProyecto2\src\main\java\com\itson\interfaz\IPersonasDAO.java
C:\Users\Sebastian\Desktop\BAProyecto2\BaseAProyecto2\src\main\java\com\itson\dominio\Placa.java
C:\Users\Sebastian\Desktop\BAProyecto2\BaseAProyecto2\src\main\java\com\itson\interfaz\ILicenciasDAO.java
C:\Users\Sebastian\Desktop\BAProyecto2\BaseAProyecto2\src\main\java\com\itson\dominio\Pago.java
C:\Users\Sebastian\Desktop\BAProyecto2\BaseAProyecto2\src\main\java\com\itson\interfazGrafica\ReportesFrm.java
C:\Users\Sebastian\Desktop\BAProyecto2\BaseAProyecto2\src\main\java\com\itson\excepciones\PersistenciaException.java
C:\Users\Sebastian\Desktop\BAProyecto2\BaseAProyecto2\src\main\java\com\itson\interfaz\ITramitesDAO.java
C:\Users\Sebastian\Desktop\BAProyecto2\BaseAProyecto2\src\main\java\com\itson\interfazGrafica\ConsultarResultadoFrm.java
C:\Users\Sebastian\Desktop\BAProyecto2\BaseAProyecto2\src\main\java\com\itson\implementacion\LicenciasDAO.java
C:\Users\Sebastian\Desktop\BAProyecto2\BaseAProyecto2\src\main\java\com\itson\interfazGrafica\PlacaNuevaFrm.java
C:\Users\Sebastian\Desktop\BAProyecto2\BaseAProyecto2\src\main\java\com\itson\dominio\Tramite.java
C:\Users\Sebastian\Desktop\BAProyecto2\BaseAProyecto2\src\main\java\com\itson\recursos\clases\Paginado.java
C:\Users\Sebastian\Desktop\BAProyecto2\BaseAProyecto2\src\main\java\com\itson\interfaz\IPagosDAO.java
C:\Users\Sebastian\Desktop\BAProyecto2\BaseAProyecto2\src\main\java\com\itson\recursos\clases\ReporteTramitesDTO.java
C:\Users\Sebastian\Desktop\BAProyecto2\BaseAProyecto2\src\main\java\com\itson\baseaproyecto2\BaseAProyecto2.java
C:\Users\Sebastian\Desktop\BAProyecto2\BaseAProyecto2\src\main\java\com\itson\implementacion\PlacasDAO.java
C:\Users\Sebastian\Desktop\BAProyecto2\BaseAProyecto2\src\main\java\com\itson\dominio\Licencia.java
C:\Users\Sebastian\Desktop\BAProyecto2\BaseAProyecto2\src\main\java\com\itson\interfazGrafica\ConsultaFrm.java
C:\Users\Sebastian\Desktop\BAProyecto2\BaseAProyecto2\src\main\java\com\itson\recursos\clases\TipoLicencia.java
C:\Users\Sebastian\Desktop\BAProyecto2\BaseAProyecto2\src\main\java\com\itson\recursos\validadores\Validadores.java
C:\Users\Sebastian\Desktop\BAProyecto2\BaseAProyecto2\src\main\java\com\itson\interfaz\IPlacasDAO.java
C:\Users\Sebastian\Desktop\BAProyecto2\BaseAProyecto2\src\main\java\com\itson\recursos\clases\ParametrosBusqueda.java
C:\Users\Sebastian\Desktop\BAProyecto2\BaseAProyecto2\src\main\java\com\itson\interfazGrafica\PersonasFrm.java
C:\Users\Sebastian\Desktop\BAProyecto2\BaseAProyecto2\src\main\java\com\itson\interfazGrafica\InicioFrm.java
C:\Users\Sebastian\Desktop\BAProyecto2\BaseAProyecto2\src\main\java\com\itson\dominio\Persona.java
C:\Users\Sebastian\Desktop\BAProyecto2\BaseAProyecto2\src\main\java\com\itson\recursos\clases\GenerarReporte.java
C:\Users\Sebastian\Desktop\BAProyecto2\BaseAProyecto2\src\main\java\com\itson\dominio\Automovil.java
C:\Users\Sebastian\Desktop\BAProyecto2\BaseAProyecto2\src\main\java\com\itson\interfazGrafica\SelectAutoFrm.java
C:\Users\Sebastian\Desktop\BAProyecto2\BaseAProyecto2\src\main\java\com\itson\recursos\clases\VeintePersonas.java
C:\Users\Sebastian\Desktop\BAProyecto2\BaseAProyecto2\src\main\java\com\itson\implementacion\AutomovilesDAO.java
C:\Users\Sebastian\Desktop\BAProyecto2\BaseAProyecto2\src\main\java\com\itson\implementacion\PersonasDAO.java
C:\Users\Sebastian\Desktop\BAProyecto2\BaseAProyecto2\src\main\java\com\itson\interfazGrafica\PlacaUsadoFrm.java
C:\Users\Sebastian\Desktop\BAProyecto2\BaseAProyecto2\src\main\java\com\itson\interfazGrafica\BusquedaLicFrm.java
C:\Users\Sebastian\Desktop\BAProyecto2\BaseAProyecto2\src\main\java\com\itson\interfazGrafica\RealizarPagoFrm.java
C:\Users\Sebastian\Desktop\BAProyecto2\BaseAProyecto2\src\main\java\com\itson\interfazGrafica\TramiteLicFrm.java
